	short 0 "start.year"=start_year;
	short 0 "start.month"=start_month;
	short 0 "start.day"=start_day;
	short 0 "start.hour"=start_hour;
	short 0 "start.minute"=start_minute;
	double 0 "start.second"=start_second;
	short 0 "end.year"=end_year;
	short 0 "end.month"=end_month;
	short 0 "end.day"=end_day;
	short 0 "end.hour"=end_hour;
	short 0 "end.minute"=end_minute;
	double 0 "end.second"=end_second;
	short 0 "IMF.flag"=IMF_flag;
	short 0 "IMF.delay"=IMF_delay;
	double 0 "IMF.Bx"=IMF_Bx;
	double 0 "IMF.By"=IMF_By;
	double 0 "IMF.Bz"=IMF_Bz;
	string 0 "model.angle"=model_angle;
	string 0 "model.level"=model_level;
	short 0 "hemisphere"=hemisphere;
	short 0 "fit.order"=fit_order;
	float 0 "latmin"=latmin;
	double 0 "chi.sqr"=chi_sqr;
	double 0 "chi.sqr.dat"=chi_sqr_dat;
	double 0 "rms.err"=rms_err;
	float 0 "lon.shft"=lon_shft;
	float 0 "lat.shft"=lat_shft;
	double 0 "mlt.start"=mlt_start;
	double 0 "mlt.end"=mlt_end;
	double 0 "mlt.av"=mlt_av;
	double 0 "pot.drop"=pot_drop;
	double 0 "pot.drop.err"=pot_drop_err;
	double 0 "pot.max"=pot_max;
	double 0 "pot.max.err"=pot_max_err;
	double 0 "pot.min"=pot_min;
	double 0 "pot.min.err"=pot_min_err;
	short 1 "stid"=stid;
	short 1 "channel"=channel;
	short 1 "nvec"=nvec;
	float 1 "freq"=freq;
	short 1 "major.revision"=major_revision;
	short 1 "minor.revision"=minor_revision;
	short 1 "program.id"=program_id;
	float 1 "noise.mean"=noise_mean;
	float 1 "noise.sd"=noise_sd;
	short 1 "gsct"=gsct;
	float 1 "v.min"=v_min;
	float 1 "v.max"=v_max;
	float 1 "p.min"=p_min;
	float 1 "p.max"=p_max;
	float 1 "w.min"=w_min;
	float 1 "w.max"=w_max;
	float 1 "ve.min"=ve_min;
	float 1 "ve.max"=ve_max;
	float 1 "vector.mlat"=vector_mlat;
	float 1 "vector.mlon"=vector_mlon;
	float 1 "vector.kvect"=vector_kvect;
	short 1 "vector.stid"=vector_stid;
	short 1 "vector.channel"=vector_channel;
	int 1 "vector.index"=vector_index;
	float 1 "vector.vel.median"=vector_vel_median;
	float 1 "vector.vel.sd"=vector_vel_sd;
	float 1 "vector.pwr.median"=vector_pwr_median;
	float 1 "vector.pwr.sd"=vector_pwr_sd;
	float 1 "vector.wdt.median"=vector_wdt_median;
	float 1 "vector.wdt.sd"=vector_wdt_sd;
